// Jest Snapshot v1, https://goo.gl/fbAQLP

exports[`App: should render as expected 1`] = `
<React.Fragment>
  <Header />
  <Banner />
</React.Fragment>
`;
